Component: ARM Compiler 5.06 update 4 (build 422) Tool: armlink [4d35d2]

==============================================================================

Section Cross References

    stm32f0xx_it.o(.text) refers to stm32f0xx_it.o(.data) for .data
    usart.o(.text) refers to malloc.o(i.malloc) for malloc
    usart.o(.text) refers to usart.o(.data) for .data
    main.o(.text) refers to stm32f0xx_rcc.o(.text) for RCC_APB1PeriphClockCmd
    main.o(.text) refers to stm32f0xx_gpio.o(.text) for GPIO_Init
    main.o(.text) refers to uidiv.o(.text) for __aeabi_uidivmod
    main.o(.text) refers to stm32f0xx_tim.o(.text) for TIM_TimeBaseInit
    main.o(.text) refers to stm32f0xx_dac.o(.text) for DAC_Init
    main.o(.text) refers to stm32f0_discovery.o(.text) for STM_EVAL_LEDInit
    main.o(.text) refers to usart.o(.text) for USART_init
    main.o(.text) refers to system_stm32f0xx.o(.data) for SystemCoreClock
    main.o(.text) refers to main.o(.data) for .data
    stm32f0_discovery.o(.text) refers to stm32f0xx_rcc.o(.text) for RCC_AHBPeriphClockCmd
    stm32f0_discovery.o(.text) refers to stm32f0xx_gpio.o(.text) for GPIO_Init
    stm32f0_discovery.o(.text) refers to stm32f0xx_syscfg.o(.text) for SYSCFG_EXTILineConfig
    stm32f0_discovery.o(.text) refers to stm32f0xx_exti.o(.text) for EXTI_Init
    stm32f0_discovery.o(.text) refers to stm32f0xx_misc.o(.text) for NVIC_Init
    stm32f0_discovery.o(.text) refers to stm32f0_discovery.o(.constdata) for .constdata
    stm32f0_discovery.o(.text) refers to stm32f0_discovery.o(.data) for .data
    stm32f0xx_gpio.o(.text) refers to stm32f0xx_rcc.o(.text) for RCC_AHBPeriphResetCmd
    stm32f0xx_rcc.o(.text) refers to uidiv.o(.text) for __aeabi_uidivmod
    stm32f0xx_rcc.o(.text) refers to stm32f0xx_rcc.o(.data) for .data
    stm32f0xx_tim.o(.text) refers to stm32f0xx_rcc.o(.text) for RCC_APB1PeriphResetCmd
    stm32f0xx_dac.o(.text) refers to stm32f0xx_rcc.o(.text) for RCC_APB1PeriphResetCmd
    startup_stm32f0xx.o(RESET) refers to startup_stm32f0xx.o(STACK) for __initial_sp
    startup_stm32f0xx.o(RESET) refers to startup_stm32f0xx.o(.text) for Reset_Handler
    startup_stm32f0xx.o(RESET) refers to stm32f0xx_it.o(.text) for NMI_Handler
    startup_stm32f0xx.o(RESET) refers to main.o(.text) for USART1_IRQHandler
    startup_stm32f0xx.o(.text) refers to system_stm32f0xx.o(.text) for SystemInit
    startup_stm32f0xx.o(.text) refers to entry.o(.ARM.Collect$$$$00000000) for __main
    system_stm32f0xx.o(.text) refers to uidiv.o(.text) for __aeabi_uidivmod
    system_stm32f0xx.o(.text) refers to system_stm32f0xx.o(.data) for .data
    entry.o(.ARM.Collect$$$$00000000) refers (Special) to entry10a.o(.ARM.Collect$$$$0000000D) for __rt_final_cpp
    entry.o(.ARM.Collect$$$$00000000) refers (Special) to entry11a.o(.ARM.Collect$$$$0000000F) for __rt_final_exit
    entry.o(.ARM.Collect$$$$00000000) refers (Special) to entry7b.o(.ARM.Collect$$$$00000008) for _main_clock
    entry.o(.ARM.Collect$$$$00000000) refers (Special) to entry8b.o(.ARM.Collect$$$$0000000A) for _main_cpp_init
    entry.o(.ARM.Collect$$$$00000000) refers (Special) to entry9a.o(.ARM.Collect$$$$0000000B) for _main_init
    entry.o(.ARM.Collect$$$$00000000) refers (Special) to entry5.o(.ARM.Collect$$$$00000004) for _main_scatterload
    entry.o(.ARM.Collect$$$$00000000) refers (Special) to entry2.o(.ARM.Collect$$$$00000001) for _main_stk
    malloc.o(i.free) refers to mvars.o(.data) for __microlib_freelist
    malloc.o(i.malloc) refers to mvars.o(.data) for __microlib_freelist_initialised
    malloc.o(i.malloc) refers to mvars.o(.data) for __microlib_freelist
    malloc.o(i.malloc) refers to startup_stm32f0xx.o(HEAP) for __heap_base
    mallocr.o(i.__free$realloc) refers to mvars.o(.data) for __microlib_freelist
    mallocr.o(i.__malloc$realloc) refers to mallocr.o(i.internal_alloc) for internal_alloc
    mallocr.o(i.__malloc$realloc) refers to mvars.o(.data) for __microlib_freelist_initialised
    mallocr.o(i.__malloc$realloc) refers to startup_stm32f0xx.o(HEAP) for __heap_base
    mallocr.o(i.__malloc$realloc) refers to mvars.o(.data) for __microlib_freelist
    mallocr.o(i.internal_alloc) refers to memcpya.o(.text) for __aeabi_memcpy
    mallocr.o(i.internal_alloc) refers to mvars.o(.data) for __microlib_freelist
    mallocr.o(i.realloc) refers to mallocr.o(i.__free$realloc) for __free$realloc
    mallocr.o(i.realloc) refers to mallocr.o(i.internal_alloc) for internal_alloc
    mallocr.o(i.realloc) refers to mallocr.o(i.__malloc$realloc) for __malloc$realloc
    mallocr.o(i.realloc) refers to mvars.o(.data) for __microlib_freelist
    malloca.o(i.__aligned_malloc) refers to mvars.o(.data) for __microlib_freelist
    malloca.o(i.__aligned_malloc) refers to mvars.o(.data) for __microlib_freelist_initialised
    malloca.o(i.__aligned_malloc) refers to startup_stm32f0xx.o(HEAP) for __heap_base
    malloca.o(i.__free$memalign) refers to mvars.o(.data) for __microlib_freelist
    malloca.o(i.__malloc$memalign) refers to malloca.o(i.__aligned_malloc) for __aligned_malloc
    mallocra.o(i.__aligned_malloc$realloc) refers to mallocra.o(i.internal_alloc) for internal_alloc
    mallocra.o(i.__aligned_malloc$realloc) refers to startup_stm32f0xx.o(HEAP) for __heap_base
    mallocra.o(i.__aligned_malloc$realloc) refers to mvars.o(.data) for __microlib_freelist
    mallocra.o(i.__aligned_malloc$realloc) refers to mvars.o(.data) for __microlib_freelist_initialised
    mallocra.o(i.__free$realloc$memalign) refers to mvars.o(.data) for __microlib_freelist
    mallocra.o(i.__malloc$realloc$memalign) refers to mallocra.o(i.__aligned_malloc$realloc) for __aligned_malloc$realloc
    mallocra.o(i.__realloc$memalign) refers to mallocra.o(i.__free$realloc$memalign) for __free$realloc$memalign
    mallocra.o(i.__realloc$memalign) refers to mallocra.o(i.internal_alloc) for internal_alloc
    mallocra.o(i.__realloc$memalign) refers to mallocra.o(i.__malloc$realloc$memalign) for __malloc$realloc$memalign
    mallocra.o(i.__realloc$memalign) refers to mvars.o(.data) for __microlib_freelist
    mallocra.o(i.internal_alloc) refers to memcpya.o(.text) for __aeabi_memcpy
    mallocra.o(i.internal_alloc) refers to mvars.o(.data) for __microlib_freelist
    entry2.o(.ARM.Collect$$$$00000001) refers to entry2.o(.ARM.Collect$$$$00002712) for __lit__00000000
    entry2.o(.ARM.Collect$$$$00002712) refers to startup_stm32f0xx.o(STACK) for __initial_sp
    entry2.o(__vectab_stack_and_reset_area) refers to startup_stm32f0xx.o(STACK) for __initial_sp
    entry2.o(__vectab_stack_and_reset_area) refers to entry.o(.ARM.Collect$$$$00000000) for __main
    entry5.o(.ARM.Collect$$$$00000004) refers to init.o(.text) for __scatterload
    entry9a.o(.ARM.Collect$$$$0000000B) refers to main.o(.text) for main
    entry9b.o(.ARM.Collect$$$$0000000C) refers to main.o(.text) for main
    init.o(.text) refers to entry5.o(.ARM.Collect$$$$00000004) for __main_after_scatterload


==============================================================================

Removing Unused input sections from the image.

    Removing stm32f0xx_it.o(.emb_text), (8 bytes).
    Removing usart.o(.emb_text), (8 bytes).
    Removing usart.o(.data), (1 bytes).
    Removing main.o(.emb_text), (8 bytes).
    Removing main.o(.data), (4 bytes).
    Removing stm32f0_discovery.o(.emb_text), (8 bytes).
    Removing stm32f0xx_exti.o(.emb_text), (8 bytes).
    Removing stm32f0xx_gpio.o(.emb_text), (8 bytes).
    Removing stm32f0xx_misc.o(.emb_text), (8 bytes).
    Removing stm32f0xx_rcc.o(.emb_text), (8 bytes).
    Removing stm32f0xx_syscfg.o(.emb_text), (8 bytes).
    Removing stm32f0xx_tim.o(.emb_text), (8 bytes).
    Removing stm32f0xx_dac.o(.emb_text), (8 bytes).
    Removing system_stm32f0xx.o(.emb_text), (8 bytes).

14 unused section(s) (total 101 bytes) removed from the image.

==============================================================================

Image Symbol Table

    Local Symbols

    Symbol Name                              Value     Ov Type        Size  Object(Section)

    ../clib/microlib/division.c              0x00000000   Number         0  uidiv.o ABSOLUTE
    ../clib/microlib/init/entry.s            0x00000000   Number         0  entry11a.o ABSOLUTE
    ../clib/microlib/init/entry.s            0x00000000   Number         0  entry10b.o ABSOLUTE
    ../clib/microlib/init/entry.s            0x00000000   Number         0  entry10a.o ABSOLUTE
    ../clib/microlib/init/entry.s            0x00000000   Number         0  entry9b.o ABSOLUTE
    ../clib/microlib/init/entry.s            0x00000000   Number         0  entry9a.o ABSOLUTE
    ../clib/microlib/init/entry.s            0x00000000   Number         0  entry8b.o ABSOLUTE
    ../clib/microlib/init/entry.s            0x00000000   Number         0  entry8a.o ABSOLUTE
    ../clib/microlib/init/entry.s            0x00000000   Number         0  entry11b.o ABSOLUTE
    ../clib/microlib/init/entry.s            0x00000000   Number         0  entry7b.o ABSOLUTE
    ../clib/microlib/init/entry.s            0x00000000   Number         0  entry7a.o ABSOLUTE
    ../clib/microlib/init/entry.s            0x00000000   Number         0  entry5.o ABSOLUTE
    ../clib/microlib/init/entry.s            0x00000000   Number         0  entry2.o ABSOLUTE
    ../clib/microlib/init/entry.s            0x00000000   Number         0  entry.o ABSOLUTE
    ../clib/microlib/malloc/malloc.c         0x00000000   Number         0  malloc.o ABSOLUTE
    ../clib/microlib/malloc/malloc.c         0x00000000   Number         0  mallocra.o ABSOLUTE
    ../clib/microlib/malloc/malloc.c         0x00000000   Number         0  malloca.o ABSOLUTE
    ../clib/microlib/malloc/malloc.c         0x00000000   Number         0  mallocr.o ABSOLUTE
    ../clib/microlib/malloc/mvars.c          0x00000000   Number         0  mvars.o ABSOLUTE
    ../clib/microlib/string/memcpy.c         0x00000000   Number         0  memcpyb.o ABSOLUTE
    ../clib/microlib/string/memcpy.c         0x00000000   Number         0  memcpya.o ABSOLUTE
    ..\..\libraries\STM32F0xx_StdPeriph_Driver\src\stm32f0xx_dac.c 0x00000000   Number         0  stm32f0xx_dac.o ABSOLUTE
    ..\..\libraries\STM32F0xx_StdPeriph_Driver\src\stm32f0xx_exti.c 0x00000000   Number         0  stm32f0xx_exti.o ABSOLUTE
    ..\..\libraries\STM32F0xx_StdPeriph_Driver\src\stm32f0xx_gpio.c 0x00000000   Number         0  stm32f0xx_gpio.o ABSOLUTE
    ..\..\libraries\STM32F0xx_StdPeriph_Driver\src\stm32f0xx_misc.c 0x00000000   Number         0  stm32f0xx_misc.o ABSOLUTE
    ..\..\libraries\STM32F0xx_StdPeriph_Driver\src\stm32f0xx_rcc.c 0x00000000   Number         0  stm32f0xx_rcc.o ABSOLUTE
    ..\..\libraries\STM32F0xx_StdPeriph_Driver\src\stm32f0xx_syscfg.c 0x00000000   Number         0  stm32f0xx_syscfg.o ABSOLUTE
    ..\..\libraries\STM32F0xx_StdPeriph_Driver\src\stm32f0xx_tim.c 0x00000000   Number         0  stm32f0xx_tim.o ABSOLUTE
    ..\..\utilities\STM32F0-Discovery\stm32f0_discovery.c 0x00000000   Number         0  stm32f0_discovery.o ABSOLUTE
    ..\\..\\libraries\\STM32F0xx_StdPeriph_Driver\\src\\stm32f0xx_dac.c 0x00000000   Number         0  stm32f0xx_dac.o ABSOLUTE
    ..\\..\\libraries\\STM32F0xx_StdPeriph_Driver\\src\\stm32f0xx_exti.c 0x00000000   Number         0  stm32f0xx_exti.o ABSOLUTE
    ..\\..\\libraries\\STM32F0xx_StdPeriph_Driver\\src\\stm32f0xx_gpio.c 0x00000000   Number         0  stm32f0xx_gpio.o ABSOLUTE
    ..\\..\\libraries\\STM32F0xx_StdPeriph_Driver\\src\\stm32f0xx_misc.c 0x00000000   Number         0  stm32f0xx_misc.o ABSOLUTE
    ..\\..\\libraries\\STM32F0xx_StdPeriph_Driver\\src\\stm32f0xx_rcc.c 0x00000000   Number         0  stm32f0xx_rcc.o ABSOLUTE
    ..\\..\\libraries\\STM32F0xx_StdPeriph_Driver\\src\\stm32f0xx_syscfg.c 0x00000000   Number         0  stm32f0xx_syscfg.o ABSOLUTE
    ..\\..\\libraries\\STM32F0xx_StdPeriph_Driver\\src\\stm32f0xx_tim.c 0x00000000   Number         0  stm32f0xx_tim.o ABSOLUTE
    ..\\..\\utilities\\STM32F0-Discovery\\stm32f0_discovery.c 0x00000000   Number         0  stm32f0_discovery.o ABSOLUTE
    dc.s                                     0x00000000   Number         0  dc.o ABSOLUTE
    handlers.s                               0x00000000   Number         0  handlers.o ABSOLUTE
    init.s                                   0x00000000   Number         0  init.o ABSOLUTE
    src\\main.c                              0x00000000   Number         0  main.o ABSOLUTE
    src\\stm32f0xx_it.c                      0x00000000   Number         0  stm32f0xx_it.o ABSOLUTE
    src\\usart.c                             0x00000000   Number         0  usart.o ABSOLUTE
    src\main.c                               0x00000000   Number         0  main.o ABSOLUTE
    src\stm32f0xx_it.c                       0x00000000   Number         0  stm32f0xx_it.o ABSOLUTE
    src\usart.c                              0x00000000   Number         0  usart.o ABSOLUTE
    startup\\system_stm32f0xx.c              0x00000000   Number         0  system_stm32f0xx.o ABSOLUTE
    startup\startup_stm32f0xx.s              0x00000000   Number         0  startup_stm32f0xx.o ABSOLUTE
    startup\system_stm32f0xx.c               0x00000000   Number         0  system_stm32f0xx.o ABSOLUTE
    RESET                                    0x08000000   Section      192  startup_stm32f0xx.o(RESET)
    .ARM.Collect$$$$00000000                 0x080000c0   Section        0  entry.o(.ARM.Collect$$$$00000000)
    .ARM.Collect$$$$00000001                 0x080000c0   Section        4  entry2.o(.ARM.Collect$$$$00000001)
    .ARM.Collect$$$$00000004                 0x080000c4   Section        4  entry5.o(.ARM.Collect$$$$00000004)
    .ARM.Collect$$$$00000008                 0x080000c8   Section        0  entry7b.o(.ARM.Collect$$$$00000008)
    .ARM.Collect$$$$0000000A                 0x080000c8   Section        0  entry8b.o(.ARM.Collect$$$$0000000A)
    .ARM.Collect$$$$0000000B                 0x080000c8   Section        8  entry9a.o(.ARM.Collect$$$$0000000B)
    .ARM.Collect$$$$0000000D                 0x080000d0   Section        0  entry10a.o(.ARM.Collect$$$$0000000D)
    .ARM.Collect$$$$0000000F                 0x080000d0   Section        0  entry11a.o(.ARM.Collect$$$$0000000F)
    .ARM.Collect$$$$00002712                 0x080000d0   Section        4  entry2.o(.ARM.Collect$$$$00002712)
    __lit__00000000                          0x080000d0   Data           4  entry2.o(.ARM.Collect$$$$00002712)
    .text                                    0x080000d4   Section        0  stm32f0xx_it.o(.text)
    .text                                    0x08000120   Section        0  usart.o(.text)
    .text                                    0x08000288   Section        0  main.o(.text)
    .text                                    0x080003f8   Section        0  stm32f0_discovery.o(.text)
    .text                                    0x08000514   Section        0  stm32f0xx_exti.o(.text)
    .text                                    0x080005e8   Section        0  stm32f0xx_gpio.o(.text)
    .text                                    0x08000744   Section        0  stm32f0xx_misc.o(.text)
    .text                                    0x080007c0   Section        0  stm32f0xx_rcc.o(.text)
    .text                                    0x08000bcc   Section        0  stm32f0xx_syscfg.o(.text)
    .text                                    0x08000c64   Section        0  stm32f0xx_tim.o(.text)
    TI2_Config                               0x08001249   Thumb Code    42  stm32f0xx_tim.o(.text)
    TI1_Config                               0x08001283   Thumb Code    40  stm32f0xx_tim.o(.text)
    .text                                    0x08001580   Section        0  stm32f0xx_dac.o(.text)
    .text                                    0x08001674   Section       28  startup_stm32f0xx.o(.text)
    .text                                    0x08001690   Section        0  system_stm32f0xx.o(.text)
    SetSysClock                              0x0800173f   Thumb Code   142  system_stm32f0xx.o(.text)
    .text                                    0x080017e8   Section        0  uidiv.o(.text)
    .text                                    0x08001814   Section       36  init.o(.text)
    i.__scatterload_copy                     0x08001838   Section       14  handlers.o(i.__scatterload_copy)
    i.__scatterload_null                     0x08001846   Section        2  handlers.o(i.__scatterload_null)
    i.__scatterload_zeroinit                 0x08001848   Section       14  handlers.o(i.__scatterload_zeroinit)
    i.malloc                                 0x08001858   Section        0  malloc.o(i.malloc)
    .constdata                               0x080018c4   Section       28  stm32f0_discovery.o(.constdata)
    .data                                    0x20000000   Section        4  stm32f0xx_it.o(.data)
    ticks                                    0x20000000   Data           4  stm32f0xx_it.o(.data)
    .data                                    0x20000004   Section       16  usart.o(.data)
    .data                                    0x20000014   Section        8  main.o(.data)
    .data                                    0x2000001c   Section       12  stm32f0_discovery.o(.data)
    .data                                    0x20000028   Section       16  stm32f0xx_rcc.o(.data)
    APBAHBPrescTable                         0x20000028   Data          16  stm32f0xx_rcc.o(.data)
    .data                                    0x20000038   Section       20  system_stm32f0xx.o(.data)
    .data                                    0x2000004c   Section        4  mvars.o(.data)
    .data                                    0x20000050   Section        4  mvars.o(.data)
    HEAP                                     0x20000058   Section      512  startup_stm32f0xx.o(HEAP)
    STACK                                    0x20000258   Section     1024  startup_stm32f0xx.o(STACK)

    Global Symbols

    Symbol Name                              Value     Ov Type        Size  Object(Section)

    BuildAttributes$$THM_ISAv3M$S$PE$A:L22$X:L11$S22$IEEE1$IW$USESV6$~STKCKD$USESV7$~SHL$OSPACE$EBA8$MICROLIB$REQ8$PRES8$EABIv2 0x00000000   Number         0  anon$$obj.o ABSOLUTE
    __ARM_use_no_argv                        0x00000000   Number         0  main.o ABSOLUTE
    __cpp_initialize__aeabi_                  - Undefined Weak Reference
    __cxa_finalize                            - Undefined Weak Reference
    __decompress                              - Undefined Weak Reference
    _clock_init                               - Undefined Weak Reference
    _microlib_exit                            - Undefined Weak Reference
    __Vectors_Size                           0x000000c0   Number         0  startup_stm32f0xx.o ABSOLUTE
    __Vectors                                0x08000000   Data           4  startup_stm32f0xx.o(RESET)
    __Vectors_End                            0x080000c0   Data           0  startup_stm32f0xx.o(RESET)
    __main                                   0x080000c1   Thumb Code     0  entry.o(.ARM.Collect$$$$00000000)
    _main_stk                                0x080000c1   Thumb Code     0  entry2.o(.ARM.Collect$$$$00000001)
    _main_scatterload                        0x080000c5   Thumb Code     0  entry5.o(.ARM.Collect$$$$00000004)
    __main_after_scatterload                 0x080000c9   Thumb Code     0  entry5.o(.ARM.Collect$$$$00000004)
    _main_clock                              0x080000c9   Thumb Code     0  entry7b.o(.ARM.Collect$$$$00000008)
    _main_cpp_init                           0x080000c9   Thumb Code     0  entry8b.o(.ARM.Collect$$$$0000000A)
    _main_init                               0x080000c9   Thumb Code     0  entry9a.o(.ARM.Collect$$$$0000000B)
    __rt_final_cpp                           0x080000d1   Thumb Code     0  entry10a.o(.ARM.Collect$$$$0000000D)
    __rt_final_exit                          0x080000d1   Thumb Code     0  entry11a.o(.ARM.Collect$$$$0000000F)
    NMI_Handler                              0x080000d5   Thumb Code     2  stm32f0xx_it.o(.text)
    HardFault_Handler                        0x080000d7   Thumb Code     2  stm32f0xx_it.o(.text)
    SVC_Handler                              0x080000d9   Thumb Code     2  stm32f0xx_it.o(.text)
    PendSV_Handler                           0x080000db   Thumb Code     2  stm32f0xx_it.o(.text)
    SysTick_Handler                          0x080000dd   Thumb Code    58  stm32f0xx_it.o(.text)
    USART_init                               0x08000121   Thumb Code   108  usart.o(.text)
    USART_putc                               0x0800018d   Thumb Code    16  usart.o(.text)
    USART_putstr                             0x0800019d   Thumb Code    32  usart.o(.text)
    USART_getc                               0x080001bd   Thumb Code    32  usart.o(.text)
    USART_getstr                             0x080001dd   Thumb Code    46  usart.o(.text)
    USART_getcb                              0x0800020b   Thumb Code    60  usart.o(.text)
    USART_clearscreen                        0x08000247   Thumb Code    30  usart.o(.text)
    delay                                    0x08000289   Thumb Code    14  main.o(.text)
    main                                     0x08000297   Thumb Code   242  main.o(.text)
    USART1_IRQHandler                        0x08000389   Thumb Code    82  main.o(.text)
    STM_EVAL_LEDInit                         0x080003f9   Thumb Code    52  stm32f0_discovery.o(.text)
    STM_EVAL_LEDOn                           0x0800042d   Thumb Code    18  stm32f0_discovery.o(.text)
    STM_EVAL_LEDOff                          0x0800043f   Thumb Code    18  stm32f0_discovery.o(.text)
    STM_EVAL_LEDToggle                       0x08000451   Thumb Code    22  stm32f0_discovery.o(.text)
    STM_EVAL_PBInit                          0x08000467   Thumb Code   140  stm32f0_discovery.o(.text)
    STM_EVAL_PBGetState                      0x080004f3   Thumb Code    24  stm32f0_discovery.o(.text)
    EXTI_DeInit                              0x08000515   Thumb Code    20  stm32f0xx_exti.o(.text)
    EXTI_Init                                0x08000529   Thumb Code   102  stm32f0xx_exti.o(.text)
    EXTI_StructInit                          0x0800058f   Thumb Code    14  stm32f0xx_exti.o(.text)
    EXTI_GenerateSWInterrupt                 0x0800059d   Thumb Code    10  stm32f0xx_exti.o(.text)
    EXTI_GetFlagStatus                       0x080005a7   Thumb Code    16  stm32f0xx_exti.o(.text)
    EXTI_ClearFlag                           0x080005b7   Thumb Code     6  stm32f0xx_exti.o(.text)
    EXTI_GetITStatus                         0x080005bd   Thumb Code    24  stm32f0xx_exti.o(.text)
    EXTI_ClearITPendingBit                   0x080005d5   Thumb Code     6  stm32f0xx_exti.o(.text)
    GPIO_DeInit                              0x080005e9   Thumb Code    78  stm32f0xx_gpio.o(.text)
    GPIO_Init                                0x08000637   Thumb Code   112  stm32f0xx_gpio.o(.text)
    GPIO_StructInit                          0x080006a7   Thumb Code    18  stm32f0xx_gpio.o(.text)
    GPIO_PinLockConfig                       0x080006b9   Thumb Code    26  stm32f0xx_gpio.o(.text)
    GPIO_ReadInputDataBit                    0x080006d3   Thumb Code    14  stm32f0xx_gpio.o(.text)
    GPIO_ReadInputData                       0x080006e1   Thumb Code     4  stm32f0xx_gpio.o(.text)
    GPIO_ReadOutputDataBit                   0x080006e5   Thumb Code    14  stm32f0xx_gpio.o(.text)
    GPIO_ReadOutputData                      0x080006f3   Thumb Code     4  stm32f0xx_gpio.o(.text)
    GPIO_SetBits                             0x080006f7   Thumb Code     4  stm32f0xx_gpio.o(.text)
    GPIO_ResetBits                           0x080006fb   Thumb Code     4  stm32f0xx_gpio.o(.text)
    GPIO_WriteBit                            0x080006ff   Thumb Code    12  stm32f0xx_gpio.o(.text)
    GPIO_Write                               0x0800070b   Thumb Code     4  stm32f0xx_gpio.o(.text)
    GPIO_PinAFConfig                         0x0800070f   Thumb Code    32  stm32f0xx_gpio.o(.text)
    NVIC_Init                                0x08000745   Thumb Code    70  stm32f0xx_misc.o(.text)
    NVIC_SystemLPConfig                      0x0800078b   Thumb Code    18  stm32f0xx_misc.o(.text)
    SysTick_CLKSourceConfig                  0x0800079d   Thumb Code    20  stm32f0xx_misc.o(.text)
    RCC_DeInit                               0x080007c1   Thumb Code    78  stm32f0xx_rcc.o(.text)
    RCC_HSEConfig                            0x0800080f   Thumb Code    10  stm32f0xx_rcc.o(.text)
    RCC_GetFlagStatus                        0x08000819   Thumb Code    48  stm32f0xx_rcc.o(.text)
    RCC_WaitForHSEStartUp                    0x08000849   Thumb Code    44  stm32f0xx_rcc.o(.text)
    RCC_AdjustHSICalibrationValue            0x08000875   Thumb Code    16  stm32f0xx_rcc.o(.text)
    RCC_HSICmd                               0x08000885   Thumb Code    22  stm32f0xx_rcc.o(.text)
    RCC_AdjustHSI14CalibrationValue          0x0800089b   Thumb Code    16  stm32f0xx_rcc.o(.text)
    RCC_HSI14Cmd                             0x080008ab   Thumb Code    22  stm32f0xx_rcc.o(.text)
    RCC_HSI14ADCRequestCmd                   0x080008c1   Thumb Code    20  stm32f0xx_rcc.o(.text)
    RCC_LSEConfig                            0x080008d5   Thumb Code    26  stm32f0xx_rcc.o(.text)
    RCC_LSEDriveConfig                       0x080008ef   Thumb Code    18  stm32f0xx_rcc.o(.text)
    RCC_LSICmd                               0x08000901   Thumb Code    22  stm32f0xx_rcc.o(.text)
    RCC_PLLConfig                            0x08000917   Thumb Code    24  stm32f0xx_rcc.o(.text)
    RCC_PLLCmd                               0x0800092f   Thumb Code    22  stm32f0xx_rcc.o(.text)
    RCC_PREDIV1Config                        0x08000945   Thumb Code    14  stm32f0xx_rcc.o(.text)
    RCC_ClockSecuritySystemCmd               0x08000953   Thumb Code    22  stm32f0xx_rcc.o(.text)
    RCC_MCOConfig                            0x08000969   Thumb Code     6  stm32f0xx_rcc.o(.text)
    RCC_SYSCLKConfig                         0x0800096f   Thumb Code    14  stm32f0xx_rcc.o(.text)
    RCC_GetSYSCLKSource                      0x0800097d   Thumb Code    10  stm32f0xx_rcc.o(.text)
    RCC_HCLKConfig                           0x08000987   Thumb Code    14  stm32f0xx_rcc.o(.text)
    RCC_PCLKConfig                           0x08000995   Thumb Code    16  stm32f0xx_rcc.o(.text)
    RCC_ADCCLKConfig                         0x080009a5   Thumb Code    38  stm32f0xx_rcc.o(.text)
    RCC_CECCLKConfig                         0x080009cb   Thumb Code    18  stm32f0xx_rcc.o(.text)
    RCC_I2CCLKConfig                         0x080009dd   Thumb Code    18  stm32f0xx_rcc.o(.text)
    RCC_USARTCLKConfig                       0x080009ef   Thumb Code    18  stm32f0xx_rcc.o(.text)
    RCC_GetClocksFreq                        0x08000a01   Thumb Code   208  stm32f0xx_rcc.o(.text)
    RCC_RTCCLKConfig                         0x08000ad1   Thumb Code    10  stm32f0xx_rcc.o(.text)
    RCC_RTCCLKCmd                            0x08000adb   Thumb Code    20  stm32f0xx_rcc.o(.text)
    RCC_BackupResetCmd                       0x08000aef   Thumb Code    22  stm32f0xx_rcc.o(.text)
    RCC_AHBPeriphClockCmd                    0x08000b05   Thumb Code    18  stm32f0xx_rcc.o(.text)
    RCC_APB2PeriphClockCmd                   0x08000b17   Thumb Code    18  stm32f0xx_rcc.o(.text)
    RCC_APB1PeriphClockCmd                   0x08000b29   Thumb Code    18  stm32f0xx_rcc.o(.text)
    RCC_AHBPeriphResetCmd                    0x08000b3b   Thumb Code    18  stm32f0xx_rcc.o(.text)
    RCC_APB2PeriphResetCmd                   0x08000b4d   Thumb Code    18  stm32f0xx_rcc.o(.text)
    RCC_APB1PeriphResetCmd                   0x08000b5f   Thumb Code    18  stm32f0xx_rcc.o(.text)
    RCC_ITConfig                             0x08000b71   Thumb Code    18  stm32f0xx_rcc.o(.text)
    RCC_ClearFlag                            0x08000b83   Thumb Code    14  stm32f0xx_rcc.o(.text)
    RCC_GetITStatus                          0x08000b91   Thumb Code    48  stm32f0xx_rcc.o(.text)
    RCC_ClearITPendingBit                    0x08000bc1   Thumb Code     6  stm32f0xx_rcc.o(.text)
    SYSCFG_DeInit                            0x08000bcd   Thumb Code    30  stm32f0xx_syscfg.o(.text)
    SYSCFG_MemoryRemapConfig                 0x08000beb   Thumb Code    14  stm32f0xx_syscfg.o(.text)
    SYSCFG_DMAChannelRemapConfig             0x08000bf9   Thumb Code    18  stm32f0xx_syscfg.o(.text)
    SYSCFG_I2CFastModePlusConfig             0x08000c0b   Thumb Code    18  stm32f0xx_syscfg.o(.text)
    SYSCFG_EXTILineConfig                    0x08000c1d   Thumb Code    34  stm32f0xx_syscfg.o(.text)
    SYSCFG_BreakConfig                       0x08000c3f   Thumb Code    10  stm32f0xx_syscfg.o(.text)
    SYSCFG_GetFlagStatus                     0x08000c49   Thumb Code    14  stm32f0xx_syscfg.o(.text)
    SYSCFG_ClearFlag                         0x08000c57   Thumb Code    10  stm32f0xx_syscfg.o(.text)
    TIM_DeInit                               0x08000c65   Thumb Code   152  stm32f0xx_tim.o(.text)
    TIM_TimeBaseInit                         0x08000cfd   Thumb Code    88  stm32f0xx_tim.o(.text)
    TIM_TimeBaseStructInit                   0x08000d55   Thumb Code    18  stm32f0xx_tim.o(.text)
    TIM_PrescalerConfig                      0x08000d67   Thumb Code     6  stm32f0xx_tim.o(.text)
    TIM_CounterModeConfig                    0x08000d6d   Thumb Code    12  stm32f0xx_tim.o(.text)
    TIM_SetCounter                           0x08000d79   Thumb Code     4  stm32f0xx_tim.o(.text)
    TIM_SetAutoreload                        0x08000d7d   Thumb Code     4  stm32f0xx_tim.o(.text)
    TIM_GetCounter                           0x08000d81   Thumb Code     4  stm32f0xx_tim.o(.text)
    TIM_GetPrescaler                         0x08000d85   Thumb Code     4  stm32f0xx_tim.o(.text)
    TIM_UpdateDisableConfig                  0x08000d89   Thumb Code    18  stm32f0xx_tim.o(.text)
    TIM_UpdateRequestConfig                  0x08000d9b   Thumb Code    18  stm32f0xx_tim.o(.text)
    TIM_ARRPreloadConfig                     0x08000dad   Thumb Code    18  stm32f0xx_tim.o(.text)
    TIM_SelectOnePulseMode                   0x08000dbf   Thumb Code    16  stm32f0xx_tim.o(.text)
    TIM_SetClockDivision                     0x08000dcf   Thumb Code    16  stm32f0xx_tim.o(.text)
    TIM_Cmd                                  0x08000ddf   Thumb Code    20  stm32f0xx_tim.o(.text)
    TIM_BDTRConfig                           0x08000df3   Thumb Code    34  stm32f0xx_tim.o(.text)
    TIM_BDTRStructInit                       0x08000e15   Thumb Code    18  stm32f0xx_tim.o(.text)
    TIM_CtrlPWMOutputs                       0x08000e27   Thumb Code    24  stm32f0xx_tim.o(.text)
    TIM_OC1Init                              0x08000e3f   Thumb Code   104  stm32f0xx_tim.o(.text)
    TIM_OC2Init                              0x08000ea7   Thumb Code   110  stm32f0xx_tim.o(.text)
    TIM_OC3Init                              0x08000f15   Thumb Code   110  stm32f0xx_tim.o(.text)
    TIM_OC4Init                              0x08000f83   Thumb Code    78  stm32f0xx_tim.o(.text)
    TIM_OCStructInit                         0x08000fd1   Thumb Code    20  stm32f0xx_tim.o(.text)
    TIM_SelectOCxM                           0x08000fe5   Thumb Code    70  stm32f0xx_tim.o(.text)
    TIM_SetCompare1                          0x0800102b   Thumb Code     4  stm32f0xx_tim.o(.text)
    TIM_SetCompare2                          0x0800102f   Thumb Code     4  stm32f0xx_tim.o(.text)
    TIM_SetCompare3                          0x08001033   Thumb Code     4  stm32f0xx_tim.o(.text)
    TIM_SetCompare4                          0x08001037   Thumb Code     4  stm32f0xx_tim.o(.text)
    TIM_ForcedOC1Config                      0x0800103b   Thumb Code    86  stm32f0xx_tim.o(.text)
    TIM_ForcedOC2Config                      0x08001091   Thumb Code    14  stm32f0xx_tim.o(.text)
    TIM_ForcedOC3Config                      0x0800109f   Thumb Code    12  stm32f0xx_tim.o(.text)
    TIM_ForcedOC4Config                      0x080010ab   Thumb Code    14  stm32f0xx_tim.o(.text)
    TIM_CCPreloadControl                     0x080010b9   Thumb Code    20  stm32f0xx_tim.o(.text)
    TIM_OC1PreloadConfig                     0x080010cd   Thumb Code    12  stm32f0xx_tim.o(.text)
    TIM_OC2PreloadConfig                     0x080010d9   Thumb Code    14  stm32f0xx_tim.o(.text)
    TIM_OC3PreloadConfig                     0x080010e7   Thumb Code    12  stm32f0xx_tim.o(.text)
    TIM_OC4PreloadConfig                     0x080010f3   Thumb Code    14  stm32f0xx_tim.o(.text)
    TIM_OC1FastConfig                        0x08001101   Thumb Code    12  stm32f0xx_tim.o(.text)
    TIM_OC2FastConfig                        0x0800110d   Thumb Code    14  stm32f0xx_tim.o(.text)
    TIM_OC3FastConfig                        0x0800111b   Thumb Code    12  stm32f0xx_tim.o(.text)
    TIM_OC4FastConfig                        0x08001127   Thumb Code    14  stm32f0xx_tim.o(.text)
    TIM_ClearOC1Ref                          0x08001135   Thumb Code    12  stm32f0xx_tim.o(.text)
    TIM_ClearOC2Ref                          0x08001141   Thumb Code    14  stm32f0xx_tim.o(.text)
    TIM_ClearOC3Ref                          0x0800114f   Thumb Code    12  stm32f0xx_tim.o(.text)
    TIM_ClearOC4Ref                          0x0800115b   Thumb Code    14  stm32f0xx_tim.o(.text)
    TIM_OC1PolarityConfig                    0x08001169   Thumb Code    12  stm32f0xx_tim.o(.text)
    TIM_OC1NPolarityConfig                   0x08001175   Thumb Code    12  stm32f0xx_tim.o(.text)
    TIM_OC2PolarityConfig                    0x08001181   Thumb Code    14  stm32f0xx_tim.o(.text)
    TIM_OC2NPolarityConfig                   0x0800118f   Thumb Code    14  stm32f0xx_tim.o(.text)
    TIM_OC3PolarityConfig                    0x0800119d   Thumb Code    14  stm32f0xx_tim.o(.text)
    TIM_OC3NPolarityConfig                   0x080011ab   Thumb Code    14  stm32f0xx_tim.o(.text)
    TIM_OC4PolarityConfig                    0x080011b9   Thumb Code    14  stm32f0xx_tim.o(.text)
    TIM_SelectOCREFClear                     0x080011c7   Thumb Code    16  stm32f0xx_tim.o(.text)
    TIM_CCxCmd                               0x080011d7   Thumb Code    22  stm32f0xx_tim.o(.text)
    TIM_CCxNCmd                              0x080011ed   Thumb Code    22  stm32f0xx_tim.o(.text)
    TIM_SelectCOM                            0x08001203   Thumb Code    18  stm32f0xx_tim.o(.text)
    TIM_SetIC4Prescaler                      0x08001215   Thumb Code    18  stm32f0xx_tim.o(.text)
    TIM_SetIC3Prescaler                      0x08001227   Thumb Code    16  stm32f0xx_tim.o(.text)
    TIM_SetIC2Prescaler                      0x08001237   Thumb Code    18  stm32f0xx_tim.o(.text)
    TIM_SetIC1Prescaler                      0x08001273   Thumb Code    16  stm32f0xx_tim.o(.text)
    TIM_ICInit                               0x080012ab   Thumb Code   162  stm32f0xx_tim.o(.text)
    TIM_ICStructInit                         0x0800134d   Thumb Code    16  stm32f0xx_tim.o(.text)
    TIM_PWMIConfig                           0x0800135d   Thumb Code   104  stm32f0xx_tim.o(.text)
    TIM_GetCapture1                          0x080013c5   Thumb Code     4  stm32f0xx_tim.o(.text)
    TIM_GetCapture2                          0x080013c9   Thumb Code     4  stm32f0xx_tim.o(.text)
    TIM_GetCapture3                          0x080013cd   Thumb Code     4  stm32f0xx_tim.o(.text)
    TIM_GetCapture4                          0x080013d1   Thumb Code     4  stm32f0xx_tim.o(.text)
    TIM_ITConfig                             0x080013d5   Thumb Code    16  stm32f0xx_tim.o(.text)
    TIM_GenerateEvent                        0x080013e5   Thumb Code     4  stm32f0xx_tim.o(.text)
    TIM_GetFlagStatus                        0x080013e9   Thumb Code    14  stm32f0xx_tim.o(.text)
    TIM_ClearFlag                            0x080013f7   Thumb Code     6  stm32f0xx_tim.o(.text)
    TIM_GetITStatus                          0x080013fd   Thumb Code    24  stm32f0xx_tim.o(.text)
    TIM_ClearITPendingBit                    0x08001415   Thumb Code     6  stm32f0xx_tim.o(.text)
    TIM_DMAConfig                            0x0800141b   Thumb Code     8  stm32f0xx_tim.o(.text)
    TIM_DMACmd                               0x08001423   Thumb Code    16  stm32f0xx_tim.o(.text)
    TIM_SelectCCDMA                          0x08001433   Thumb Code    18  stm32f0xx_tim.o(.text)
    TIM_InternalClockConfig                  0x08001445   Thumb Code    10  stm32f0xx_tim.o(.text)
    TIM_SelectInputTrigger                   0x0800144f   Thumb Code    12  stm32f0xx_tim.o(.text)
    TIM_ITRxExternalClockConfig              0x0800145b   Thumb Code    62  stm32f0xx_tim.o(.text)
    TIM_TIxExternalClockConfig               0x08001499   Thumb Code    48  stm32f0xx_tim.o(.text)
    TIM_ETRConfig                            0x080014c9   Thumb Code    18  stm32f0xx_tim.o(.text)
    TIM_ETRClockMode1Config                  0x080014db   Thumb Code    28  stm32f0xx_tim.o(.text)
    TIM_ETRClockMode2Config                  0x080014f7   Thumb Code    20  stm32f0xx_tim.o(.text)
    TIM_SelectOutputTrigger                  0x0800150b   Thumb Code    16  stm32f0xx_tim.o(.text)
    TIM_SelectSlaveMode                      0x0800151b   Thumb Code    16  stm32f0xx_tim.o(.text)
    TIM_SelectMasterSlaveMode                0x0800152b   Thumb Code    16  stm32f0xx_tim.o(.text)
    TIM_EncoderInterfaceConfig               0x0800153b   Thumb Code    42  stm32f0xx_tim.o(.text)
    TIM_SelectHallSensor                     0x08001565   Thumb Code    18  stm32f0xx_tim.o(.text)
    TIM_RemapConfig                          0x08001577   Thumb Code     6  stm32f0xx_tim.o(.text)
    DAC_DeInit                               0x08001581   Thumb Code    22  stm32f0xx_dac.o(.text)
    DAC_Init                                 0x08001597   Thumb Code    26  stm32f0xx_dac.o(.text)
    DAC_StructInit                           0x080015b1   Thumb Code     8  stm32f0xx_dac.o(.text)
    DAC_Cmd                                  0x080015b9   Thumb Code    22  stm32f0xx_dac.o(.text)
    DAC_SoftwareTriggerCmd                   0x080015cf   Thumb Code    24  stm32f0xx_dac.o(.text)
    DAC_SetChannel1Data                      0x080015e7   Thumb Code    14  stm32f0xx_dac.o(.text)
    DAC_GetDataOutputValue                   0x080015f5   Thumb Code    18  stm32f0xx_dac.o(.text)
    DAC_DMACmd                               0x08001607   Thumb Code    22  stm32f0xx_dac.o(.text)
    DAC_ITConfig                             0x0800161d   Thumb Code    20  stm32f0xx_dac.o(.text)
    DAC_GetFlagStatus                        0x08001631   Thumb Code    18  stm32f0xx_dac.o(.text)
    DAC_ClearFlag                            0x08001643   Thumb Code     8  stm32f0xx_dac.o(.text)
    DAC_GetITStatus                          0x0800164b   Thumb Code    28  stm32f0xx_dac.o(.text)
    DAC_ClearITPendingBit                    0x08001667   Thumb Code     8  stm32f0xx_dac.o(.text)
    Reset_Handler                            0x08001675   Thumb Code     8  startup_stm32f0xx.o(.text)
    ADC1_COMP_IRQHandler                     0x08001687   Thumb Code     0  startup_stm32f0xx.o(.text)
    CEC_IRQHandler                           0x08001687   Thumb Code     0  startup_stm32f0xx.o(.text)
    DMA1_Channel1_IRQHandler                 0x08001687   Thumb Code     0  startup_stm32f0xx.o(.text)
    DMA1_Channel2_3_IRQHandler               0x08001687   Thumb Code     0  startup_stm32f0xx.o(.text)
    DMA1_Channel4_5_IRQHandler               0x08001687   Thumb Code     0  startup_stm32f0xx.o(.text)
    EXTI0_1_IRQHandler                       0x08001687   Thumb Code     0  startup_stm32f0xx.o(.text)
    EXTI2_3_IRQHandler                       0x08001687   Thumb Code     0  startup_stm32f0xx.o(.text)
    EXTI4_15_IRQHandler                      0x08001687   Thumb Code     0  startup_stm32f0xx.o(.text)
    FLASH_IRQHandler                         0x08001687   Thumb Code     0  startup_stm32f0xx.o(.text)
    I2C1_IRQHandler                          0x08001687   Thumb Code     0  startup_stm32f0xx.o(.text)
    I2C2_IRQHandler                          0x08001687   Thumb Code     0  startup_stm32f0xx.o(.text)
    PVD_IRQHandler                           0x08001687   Thumb Code     0  startup_stm32f0xx.o(.text)
    RCC_IRQHandler                           0x08001687   Thumb Code     0  startup_stm32f0xx.o(.text)
    RTC_IRQHandler                           0x08001687   Thumb Code     0  startup_stm32f0xx.o(.text)
    SPI1_IRQHandler                          0x08001687   Thumb Code     0  startup_stm32f0xx.o(.text)
    SPI2_IRQHandler                          0x08001687   Thumb Code     0  startup_stm32f0xx.o(.text)
    TIM14_IRQHandler                         0x08001687   Thumb Code     0  startup_stm32f0xx.o(.text)
    TIM15_IRQHandler                         0x08001687   Thumb Code     0  startup_stm32f0xx.o(.text)
    TIM16_IRQHandler                         0x08001687   Thumb Code     0  startup_stm32f0xx.o(.text)
    TIM17_IRQHandler                         0x08001687   Thumb Code     0  startup_stm32f0xx.o(.text)
    TIM1_BRK_UP_TRG_COM_IRQHandler           0x08001687   Thumb Code     0  startup_stm32f0xx.o(.text)
    TIM1_CC_IRQHandler                       0x08001687   Thumb Code     0  startup_stm32f0xx.o(.text)
    TIM2_IRQHandler                          0x08001687   Thumb Code     0  startup_stm32f0xx.o(.text)
    TIM3_IRQHandler                          0x08001687   Thumb Code     0  startup_stm32f0xx.o(.text)
    TIM6_DAC_IRQHandler                      0x08001687   Thumb Code     0  startup_stm32f0xx.o(.text)
    TS_IRQHandler                            0x08001687   Thumb Code     0  startup_stm32f0xx.o(.text)
    USART2_IRQHandler                        0x08001687   Thumb Code     0  startup_stm32f0xx.o(.text)
    WWDG_IRQHandler                          0x08001687   Thumb Code     0  startup_stm32f0xx.o(.text)
    SystemInit                               0x08001691   Thumb Code    84  system_stm32f0xx.o(.text)
    SystemCoreClockUpdate                    0x080016e5   Thumb Code    90  system_stm32f0xx.o(.text)
    __aeabi_uidiv                            0x080017e9   Thumb Code     0  uidiv.o(.text)
    __aeabi_uidivmod                         0x080017e9   Thumb Code    44  uidiv.o(.text)
    __scatterload                            0x08001815   Thumb Code    28  init.o(.text)
    __scatterload_rt2                        0x08001815   Thumb Code     0  init.o(.text)
    __scatterload_copy                       0x08001839   Thumb Code    14  handlers.o(i.__scatterload_copy)
    __scatterload_null                       0x08001847   Thumb Code     2  handlers.o(i.__scatterload_null)
    __scatterload_zeroinit                   0x08001849   Thumb Code    14  handlers.o(i.__scatterload_zeroinit)
    malloc                                   0x08001859   Thumb Code    92  malloc.o(i.malloc)
    BUTTON_PIN                               0x080018c4   Data           2  stm32f0_discovery.o(.constdata)
    BUTTON_EXTI_LINE                         0x080018c6   Data           2  stm32f0_discovery.o(.constdata)
    BUTTON_PORT_SOURCE                       0x080018c8   Data           2  stm32f0_discovery.o(.constdata)
    BUTTON_PIN_SOURCE                        0x080018ca   Data           2  stm32f0_discovery.o(.constdata)
    BUTTON_IRQn                              0x080018cc   Data           2  stm32f0_discovery.o(.constdata)
    GPIO_PIN                                 0x080018ce   Data           4  stm32f0_discovery.o(.constdata)
    BUTTON_CLK                               0x080018d4   Data           4  stm32f0_discovery.o(.constdata)
    GPIO_CLK                                 0x080018d8   Data           8  stm32f0_discovery.o(.constdata)
    Region$$Table$$Base                      0x080018e0   Number         0  anon$$obj.o(Region$$Table)
    Region$$Table$$Limit                     0x08001900   Number         0  anon$$obj.o(Region$$Table)
    bufferinuse                              0x20000004   Data           1  usart.o(.data)
    fifo_char_buffer                         0x20000008   Data           4  usart.o(.data)
    buffersize                               0x2000000c   Data           4  usart.o(.data)
    bufferposition                           0x20000010   Data           4  usart.o(.data)
    selectMode                               0x20000014   Data           1  main.o(.data)
    bytesreceived                            0x20000015   Data           1  main.o(.data)
    compare                                  0x20000016   Data           2  main.o(.data)
    data                                     0x20000018   Data           2  main.o(.data)
    sixteenbitdata                           0x2000001a   Data           2  main.o(.data)
    BUTTON_PORT                              0x2000001c   Data           4  stm32f0_discovery.o(.data)
    GPIO_PORT                                0x20000020   Data           8  stm32f0_discovery.o(.data)
    SystemCoreClock                          0x20000038   Data           4  system_stm32f0xx.o(.data)
    AHBPrescTable                            0x2000003c   Data          16  system_stm32f0xx.o(.data)
    __microlib_freelist                      0x2000004c   Data           4  mvars.o(.data)
    __microlib_freelist_initialised          0x20000050   Data           4  mvars.o(.data)
    __heap_base                              0x20000058   Data           0  startup_stm32f0xx.o(HEAP)
    __heap_limit                             0x20000258   Data           0  startup_stm32f0xx.o(HEAP)
    __initial_sp                             0x20000658   Data           0  startup_stm32f0xx.o(STACK)



==============================================================================

Memory Map of the image

  Image Entry point : 0x080000c1

  Load Region LR_IROM1 (Base: 0x08000000, Size: 0x00001954, Max: 0x00010000, ABSOLUTE)

    Execution Region ER_IROM1 (Base: 0x08000000, Size: 0x00001900, Max: 0x00010000, ABSOLUTE)

    Base Addr    Size         Type   Attr      Idx    E Section Name        Object

    0x08000000   0x000000c0   Data   RO          303    RESET               startup_stm32f0xx.o
    0x080000c0   0x00000000   Code   RO          330  * .ARM.Collect$$$$00000000  mc_p.l(entry.o)
    0x080000c0   0x00000004   Code   RO          363    .ARM.Collect$$$$00000001  mc_p.l(entry2.o)
    0x080000c4   0x00000004   Code   RO          366    .ARM.Collect$$$$00000004  mc_p.l(entry5.o)
    0x080000c8   0x00000000   Code   RO          368    .ARM.Collect$$$$00000008  mc_p.l(entry7b.o)
    0x080000c8   0x00000000   Code   RO          370    .ARM.Collect$$$$0000000A  mc_p.l(entry8b.o)
    0x080000c8   0x00000008   Code   RO          371    .ARM.Collect$$$$0000000B  mc_p.l(entry9a.o)
    0x080000d0   0x00000000   Code   RO          373    .ARM.Collect$$$$0000000D  mc_p.l(entry10a.o)
    0x080000d0   0x00000000   Code   RO          375    .ARM.Collect$$$$0000000F  mc_p.l(entry11a.o)
    0x080000d0   0x00000004   Code   RO          364    .ARM.Collect$$$$00002712  mc_p.l(entry2.o)
    0x080000d4   0x0000004c   Code   RO            2    .text               stm32f0xx_it.o
    0x08000120   0x00000168   Code   RO          113    .text               usart.o
    0x08000288   0x00000170   Code   RO          143    .text               main.o
    0x080003f8   0x0000011c   Code   RO          167    .text               stm32f0_discovery.o
    0x08000514   0x000000d4   Code   RO          187    .text               stm32f0xx_exti.o
    0x080005e8   0x0000015c   Code   RO          203    .text               stm32f0xx_gpio.o
    0x08000744   0x0000007c   Code   RO          219    .text               stm32f0xx_misc.o
    0x080007c0   0x0000040c   Code   RO          235    .text               stm32f0xx_rcc.o
    0x08000bcc   0x00000098   Code   RO          253    .text               stm32f0xx_syscfg.o
    0x08000c64   0x0000091c   Code   RO          269    .text               stm32f0xx_tim.o
    0x08001580   0x000000f4   Code   RO          286    .text               stm32f0xx_dac.o
    0x08001674   0x0000001c   Code   RO          304    .text               startup_stm32f0xx.o
    0x08001690   0x00000158   Code   RO          309    .text               system_stm32f0xx.o
    0x080017e8   0x0000002c   Code   RO          333    .text               mc_p.l(uidiv.o)
    0x08001814   0x00000024   Code   RO          383    .text               mc_p.l(init.o)
    0x08001838   0x0000000e   Code   RO          387    i.__scatterload_copy  mc_p.l(handlers.o)
    0x08001846   0x00000002   Code   RO          388    i.__scatterload_null  mc_p.l(handlers.o)
    0x08001848   0x0000000e   Code   RO          389    i.__scatterload_zeroinit  mc_p.l(handlers.o)
    0x08001856   0x00000002   PAD
    0x08001858   0x0000006c   Code   RO          336    i.malloc            mc_p.l(malloc.o)
    0x080018c4   0x0000001c   Data   RO          168    .constdata          stm32f0_discovery.o
    0x080018e0   0x00000020   Data   RO          385    Region$$Table       anon$$obj.o


    Execution Region RW_IRAM1 (Base: 0x20000000, Size: 0x00000658, Max: 0x00002000, ABSOLUTE)

    Base Addr    Size         Type   Attr      Idx    E Section Name        Object

    0x20000000   0x00000004   Data   RW            3    .data               stm32f0xx_it.o
    0x20000004   0x00000010   Data   RW          114    .data               usart.o
    0x20000014   0x00000008   Data   RW          144    .data               main.o
    0x2000001c   0x0000000c   Data   RW          169    .data               stm32f0_discovery.o
    0x20000028   0x00000010   Data   RW          236    .data               stm32f0xx_rcc.o
    0x20000038   0x00000014   Data   RW          310    .data               system_stm32f0xx.o
    0x2000004c   0x00000004   Data   RW          381    .data               mc_p.l(mvars.o)
    0x20000050   0x00000004   Data   RW          382    .data               mc_p.l(mvars.o)
    0x20000054   0x00000004   PAD
    0x20000058   0x00000200   Zero   RW          302    HEAP                startup_stm32f0xx.o
    0x20000258   0x00000400   Zero   RW          301    STACK               startup_stm32f0xx.o


==============================================================================

Image component sizes


      Code (inc. data)   RO Data    RW Data    ZI Data      Debug   Object Name

       368         30          0          8          0       3165   main.o
        28          8        192          0       1536        636   startup_stm32f0xx.o
       284         10         28         12          0       2971   stm32f0_discovery.o
       244          6          0          0          0       3961   stm32f0xx_dac.o
       212         14          0          0          0       2507   stm32f0xx_exti.o
       348         22          0          0          0       4013   stm32f0xx_gpio.o
        76         10          0          4          0     129251   stm32f0xx_it.o
       124         16          0          0          0       1548   stm32f0xx_misc.o
      1036         38          0         16          0       8982   stm32f0xx_rcc.o
       152          4          0          0          0       2098   stm32f0xx_syscfg.o
      2332        122          0          0          0      22707   stm32f0xx_tim.o
       344         28          0         20          0       1811   system_stm32f0xx.o
       360         36          0         16          0       8600   usart.o

    ----------------------------------------------------------------------
      5908        344        252         76       1536     192250   Object Totals
         0          0         32          0          0          0   (incl. Generated)
         0          0          0          0          0          0   (incl. Padding)

    ----------------------------------------------------------------------

      Code (inc. data)   RO Data    RW Data    ZI Data      Debug   Library Member Name

         0          0          0          0          0          0   entry.o
         0          0          0          0          0          0   entry10a.o
         0          0          0          0          0          0   entry11a.o
         8          4          0          0          0          0   entry2.o
         4          0          0          0          0          0   entry5.o
         0          0          0          0          0          0   entry7b.o
         0          0          0          0          0          0   entry8b.o
         8          4          0          0          0          0   entry9a.o
        30          0          0          0          0          0   handlers.o
        36          8          0          0          0         68   init.o
       108         16          0          0          0         76   malloc.o
         0          0          0          8          0          0   mvars.o
        44          0          0          0          0         72   uidiv.o

    ----------------------------------------------------------------------
       240         32          0          8          4        216   Library Totals
         2          0          0          0          4          0   (incl. Padding)

    ----------------------------------------------------------------------

      Code (inc. data)   RO Data    RW Data    ZI Data      Debug   Library Name

       238         32          0          8          0        216   mc_p.l

    ----------------------------------------------------------------------
       240         32          0          8          4        216   Library Totals

    ----------------------------------------------------------------------

==============================================================================


      Code (inc. data)   RO Data    RW Data    ZI Data      Debug   

      6148        376        252         84       1540     191254   Grand Totals
      6148        376        252         84       1540     191254   ELF Image Totals
      6148        376        252         84          0          0   ROM Totals

==============================================================================

    Total RO  Size (Code + RO Data)                 6400 (   6.25kB)
    Total RW  Size (RW Data + ZI Data)              1624 (   1.59kB)
    Total ROM Size (Code + RO Data + RW Data)       6484 (   6.33kB)

==============================================================================

